__1: unitwords
__2: tenwords
__3: thousandwords
__4: filename
__5: filedate
__6: filesize
__7: filetype
__8: modules
__9: vue
__a: pages
__b: vapp
__c: vcontent
__d: routerview
__e: container
__f: bovuetify
__10: animate
__11: drawer
__12: navbar
__13: footer
__14: module
__15: elevation
__16: transition
__17: transitions
__18: intensityoptions
__19: coloroptions
__1a: borderoptions
__1b: overlay
__1c: vuetify
__1d: confirm
__1e: alert
__1f: displayoptions
__20: textalignmentoptions
__21: fontweightoptions
__22: targetoptions
__23: columntypes
__24: direction
__25: columnalign
__26: datatypes
__27: controltypes
__28: bottomnav
__29: notification
__2a: color_amber
__2b: color_black
__2c: color_blue
__2d: color_bluegrey
__2e: color_brown
__2f: color_cyan
__30: color_deeporange
__31: color_deeppurple
__32: color_green
__33: color_grey
__34: color_indigo
__35: color_lightblue
__36: color_lightgreen
__37: color_lime
__38: color_orange
__39: color_pink
__3a: color_purple
__3b: color_red
__3c: color_teal
__3d: color_transparent
__3e: color_white
__3f: color_yellow
__40: color_none
__41: color_primary
__42: color_secondary
__43: color_accent
__44: color_error
__45: color_info
__46: color_success
__47: color_warning
__48: color_amber_text
__49: color_black_text
__4a: color_blue_text
__4b: color_bluegrey_text
__4c: color_brown_text
__4d: color_cyan_text
__4e: color_deeporange_text
__4f: color_deeppurple_text
__50: color_green_text
__51: color_grey_text
__52: color_indigo_text
__53: color_lightblue_text
__54: color_lightgreen_text
__55: color_lime_text
__56: color_orange_text
__57: color_pink_text
__58: color_purple_text
__59: color_red_text
__5a: color_teal_text
__5b: color_transparent_text
__5c: color_white_text
__5d: color_yellow_text
__5e: color_primary_text
__5f: color_secondary_text
__60: color_accent_text
__61: color_error_text
__62: color_info_text
__63: color_success_text
__64: color_warning_text
__65: intensity_normal
__66: intensity_lighten5
__67: intensity_lighten4
__68: intensity_lighten3
__69: intensity_lighten2
__6a: intensity_lighten1
__6b: intensity_darken1
__6c: intensity_darken2
__6d: intensity_darken3
__6e: intensity_darken4
__6f: intensity_accent1
__70: intensity_accent2
__71: intensity_accent3
__72: intensity_accent4
__73: border_default
__74: border_dashed
__75: border_dotted
__76: border_double
__77: border_groove
__78: border_hidden
__79: border_inset
__7a: border_none
__7b: border_outset
__7c: border_ridge
__7d: border_solid
__7e: size_h1
__7f: size_h2
__80: size_h3
__81: size_h4
__82: size_h5
__83: size_h6
__84: size_p
__85: size_span
__86: size_blockquote
__87: size_div
__88: icon_small
__89: icon_large
__8a: icon_xsmall
__8b: icon_xlarge
__8c: button_small
__8d: button_large
__8e: button_xsmall
__8f: button_xlarge
__90: transition_slide_x
__91: transition_slide_x_reverse
__92: transition_slide_y
__93: transition_slide_y_reverse
__94: transition_scroll_x
__95: transition_scroll_x_reverse
__96: transition_scroll_y
__97: transition_scroll_y_reverse
__98: transition_scale
__99: transition_fade
__9a: transition_fab
__9b: justify_center
__9c: justify_start
__9d: justify_end
__9e: align_center
__9f: align_start
__a0: align_end
__a1: align_stretch
__a2: flex_grow_0
__a3: flex_grow_1
__a4: flex_shrink_0
__a5: flex_shrink_1
__a6: text_left
__a7: text_center
__a8: text_right
__a9: text_no_wrap
__aa: text_truncate
__ab: text_lowercase
__ac: text_uppercase
__ad: text_capitalize
__ae: snackbar
_rtl: rtl
__b0: dark
__b1: options
__b2: lang
__b3: drawers
__b4: placeholder
__b5: floats
__b6: fontsizes
__b7: buserouter
__b8: position
__b9: showwarnings
__ba: scrollbarwidth
__bb: breakpoint_xs
__bc: breakpoint_sm
__bd: breakpoint_md
__be: breakpoint_lg
__bf: breakpoint_xl
__c0: breakpoint_xsonly
__c1: breakpoint_smonly
__c2: breakpoint_smanddown
__c3: breakpoint_smandup
__c4: breakpoint_mdonly
__c5: breakpoint_mdanddown
__c6: breakpoint_mdandup
__c7: breakpoint_lgonly
__c8: breakpoint_lganddown
__c9: breakpoint_lgandup
__ca: breakpoint_xlonly
__cb: breakpoint
__cc: breakpointname
__cd: config
__ce: usesdrawer
__cf: usesnavbar
__d0: usesfooter
__d1: usesbottomnav
__d2: usesoverlay
__d3: usesloader
__d4: usessnackbar
__d5: usesdialog
__d6: usesnotification
__d7: locale_afrikaans
__d8: locale_arabic
__d9: locale_catalan
__da: locale_czech
__db: locale_german
__dc: locale_greek
__dd: locale_english
__de: locale_spanish
__df: locale_estonian
__e0: locale_persian
__e1: locale_finnish
__e2: locale_french
__e3: locale_hebrew
__e4: locale_croatian
__e5: locale_hungarian
__e6: locale_indonesian
__e7: locale_italian
__e8: locale_japanese
__e9: locale_korean
__ea: locale_lithuanian
__eb: locale_latvian
__ec: locale_dutch
__ed: locale_norwegian
__ee: locale_polish
__ef: locale_portuguese
__f0: locale_romanian
__f1: locale_russian
__f2: locale_slovak
__f3: locale_slovene
__f4: locale_serbian
__f5: locale_swedish
__f6: locale_thai
__f7: locale_turkish
__f8: locale_ukrainian
__f9: locale_chinese
__fa: locale_chinese1
__fb: visibility_printonly
__fc: visibility_screenonly
__fd: visibility_xsonly
__fe: visibility_smonly
__ff: visibility_smanddown
__100: visibility_smandup
__101: visibility_mdonly
__102: visibility_mdanddown
__103: visibility_mdandup
__104: visibility_lgonly
__105: visibility_lganddown
__106: visibility_lgandup
__107: visibility_xlonly
__108: visibility_all
__109: alert_border_left
__10a: alert_border_right
__10b: alert_border_bottom
__10c: alert_border_top
__10d: alert_type_success
__10e: alert_type_info
__10f: alert_type_warning
__110: alert_type_error
__111: bovue
__112: methods
__113: filters
_data: data
_el: el
_refs: refs
_emit: emit
_body: body
__119: template
__11a: computed
__11b: watches
__11c: routes
__11d: components
__11e: dynamicstyle
__11f: gettemplate
_red: red
_pink: pink
__122: purple
__123: deeppurple
__124: indigo
_blue: blue
__126: lightblue
_cyan: cyan
_teal: teal
__129: green
__12a: lightgreen
_lime: lime
__12c: yellow
__12d: amber
__12e: orange
__12f: deeporange
__130: brown
_grey: grey
__132: bluegrey
__133: black
__134: white
__135: transparent
__136: colormap
__137: themes
__138: sourcecode
__139: hashtype
__13a: algorithm
__13b: errors
__13c: store
__13d: state
__13e: bindings
__13f: router
_id: id
__141: designmode
__142: bstatic
__143: smodel
__144: avatar
__145: image
_icon: icon
__147: hasicon
__148: hasimage
__149: label
__14a: haslabel
__14b: badge
__14c: hasbadge
__14d: hascontent
__14e: banner
__14f: actions
__150: bottomnavigation
__151: bottomsheet
__152: breadcrumbs
__153: items
__154: breadcrumbsitem
__155: button
__156: hastooltip
__157: tooltip
_tmpl: tmpl
_span: span
_txt: txt
__15b: iconpos
__15c: buttontoggle
__15d: calendar
__15e: focus
__15f: events
__160: eventsname
__161: categories
__162: categoryname
__163: catmap
_card: card
__165: title
__166: subtitle
_text: text
__168: isdialog
__169: toolbar
_form: form
__16b: textafter
__16c: extra
__16d: istable
__16e: titlekey
__16f: subtitlekey
__170: topsheet
__171: cardactions
__172: cardsubtitle
__173: cardtext
__174: cardtitle
__175: carousel
_item: item
__177: carouselitem
__178: checkbox
__179: vmodel
_chip: chip
_spos: spos
__17c: content
__17d: chipgroup
__17e: itemkey
__17f: hassubheading
__180: heading
_col: col
__182: colorpicker
__183: static
__184: eventhandler
_opt: opt
__186: props
_path: path
_name: name
__189: propfrom
__18a: query
__18b: jsstring
__18c: jsnumber
__18d: jsboolean
__18e: jsarray
__18f: jsobject
_rows: rows
__191: columns
_row: row
_sm: sm
_md: md
_lg: lg
_xl: xl
_ofsm: ofsm
_ofmd: ofmd
_oflg: oflg
_ofxl: ofxl
_orsm: orsm
_ormd: ormd
_orlg: orlg
_orxl: orxl
__19f: lastrow
_rc: rc
__1a1: fields
__1a2: controls
__1a3: strings
__1a4: integers
__1a5: booleans
__1a6: doubles
__1a7: dates
__1a8: defaults
__1a9: required
_mode: mode
__1ab: totalrows
__1ac: sortitm
__1ad: sortitl
__1ae: cells
__1af: visibility
__1b0: rowstyles
__1b1: hasinfobox
__1b2: exclusions
__1b3: fieldname
__1b4: checkedvalue
__1b5: uncheckedvalue
__1b6: rowclasses
__1b7: attributes
__1b8: afewoptions
__1b9: bcontrols
__1ba: hasborder
__1bb: showmatrix
__1bc: nogutters
__1bd: cstatic
__1be: usevshow
__1bf: showkey
__1c0: datafooter
__1c1: dataiterator
__1c2: datatable
__1c3: primarykey
__1c4: column_date
__1c5: column_text
__1c6: column_icon
__1c7: column_checkbox
__1c8: column_none
__1c9: column_time
__1ca: column_datetime
__1cb: column_image
__1cc: column_money
__1cd: column_filesize
__1ce: column_chip
__1cf: column_edit
__1d0: column_delete
__1d1: column_action
__1d2: column_switch
__1d3: column_avatarimg
__1d4: column_rating
__1d5: column_progress_circular
__1d6: column_progress_linear
__1d7: column_save
__1d8: column_cancel
__1d9: align_right
__1da: align_left
__1db: columnsm
__1dc: hasfilters
__1dd: headers
__1de: vcard
__1df: search
__1e0: value
__1e1: align
__1e2: sortable
__1e3: filterable
__1e4: divider
__1e5: classname
__1e6: width
__1e7: filter
_sort: sort
__1e9: typeof
__1ea: disabled
__1eb: imgwidth
__1ec: imgheight
__1ed: avatarsize
__1ee: iconsize
__1ef: iconcolor
__1f0: readonly
__1f1: progresscolor
__1f2: progressrotate
__1f3: progresssize
__1f4: progresswidth
__1f5: progressheight
__1f6: progressshowvalue
__1f7: valueformat
__1f8: bindtotals
__1f9: hastotal
_hdr: hdr
__1fb: keyid
__1fc: mastercolumns
__1fd: hastotals
__1fe: hasexternalpagination
__1ff: totalvisible
__200: selected
__201: datetimepicker
__202: bforinput
__203: textfield
__204: btimepicker
__205: bhideicons
__206: dialog
__207: contentkey
__208: editdialog
__209: element
__20a: diskey
__20b: reqkey
__20c: errkey
__20d: stylekey
__20e: busesstyles
__20f: busesrequired
__210: buseddisabled
__211: busesshow
__212: busesvmodel
__213: busesclass
__214: errormessage
_r: r
_c: c
_os: os
_om: om
_ol: ol
_ox: ox
_ss: ss
_sl: sl
_sx: sx
_mt: mt
_mb: mb
_ml: ml
_mr: mr
_pt: pt
_pb: pb
_pl: pl
_pr: pr
__226: fieldtype
__227: inputtype
__228: isvisible
__229: isdisabled
__22a: isrequired
__22b: isarray
__22c: isexcluded
__22d: actualid
_host: host
__22f: exclude
__230: centeronparent
__231: classlist
__232: classkey
__233: expandtransition
__234: expansionpanel
__235: header
__236: expansionpanelcontent
__237: expansionpanelheader
__238: expansionpanels
__239: sactive
__23a: fabtransition
__23b: fadetransition
__23c: fileinput
__23d: errortext
__23e: formvalid
__23f: hover
__240: imglink
__241: hashover
__242: input
__243: itemgroup
_lazy: lazy
_list: list
__246: parentchild
__247: usevisibility
__248: listgroup
__249: listitem
__24a: childlist
__24b: listitemaction
__24c: listitemactiontext
__24d: listitemavatar
__24e: listitemcontent
__24f: listitemgroup
__250: listitemicon
__251: listitemsubtitle
__252: listitemtitle
_menu: menu
_act: act
__255: menucontent
__256: hasactivator
__257: navigationdrawer
__258: bottomsection
_mini: mini
__25a: pagination
__25b: parallax
__25c: progresscircular
__25d: suffix
__25e: pvalue
__25f: progresslinear
_tmp: tmp
__261: expnl
__262: labels
__263: methodname
__264: text1
__265: vmodel1
__266: iconname
__267: minvalue
__268: maxvalue
__269: sourcename
__26a: sourcefield
__26b: displayfield
__26c: sourcename1
__26d: options1
__26e: sourcefield1
__26f: displayfield1
__270: optionslist
_cont: cont
__272: horizontal
__273: sshow
__274: contchecks
__275: haschecks
__276: changeevent
__277: btext
__278: stext
__279: contentitems
__27a: itemtypes
__27b: internalitemtype
__27c: internalitemtypeoptions
__27d: radio
__27e: radiogroup
__27f: xmodel
__280: rating
__281: responsive
__282: scaletransition
__283: scrollxreversetransition
__284: scrollxtransition
__285: scrollyreversetransition
__286: scrollytransition
__287: combo
__288: sitems
__289: hasitems
__28a: haslistitems
__28b: marked
__28c: sheet
__28d: simplecheckbox
__28e: simpletable
__28f: skeleton
__290: skeletonloader
__291: slidegroup
__292: slideitem
__293: slider
__294: bisrange
__295: slidexreversetransition
__296: slidextransition
__297: slideyreversetransition
__298: slideytransition
_mkey: mkey
__29a: mname
__29b: sparkline
_xy: xy
__29d: hasxy
__29e: speeddial
_slot: slot
__2a0: initialicon
__2a1: finalicon
__2a2: hasinitial
__2a3: hasfinal
__2a4: stepper
__2a5: steps
__2a6: stepcount
__2a7: bvertical
__2a8: steppercontent
__2a9: stepperheader
__2aa: stepperitems
__2ab: stepperstep
__2ac: description
__2ad: subheader
__2ae: tabitem
_tabs: tabs
__2b0: ontoolbar
__2b1: titems
__2b2: tabsitems
__2b3: tabsslider
__2b4: password
__2b5: bmultiple
__2b6: timeline
__2b7: timelineitem
__2b8: hasavatar
__2b9: opposite
__2ba: oppositetext
__2bb: usescard
__2bc: cardcontainer
__2bd: endsection
__2be: objects
__2bf: hamburger
_logo: logo
__2c1: extension
__2c2: compx
__2c3: ttitle
__2c4: righthamburger
__2c5: spancnt
__2c6: titlevmodel
__2c7: progress
__2c8: subheading
__2c9: subheadingkey
__2ca: toolbartitle
__2cb: treeview
__2cc: loaded
__2cd: sopen
__2ce: iconslot
__2cf: sselected
_extm: extm
__2d1: window
__2d2: windowitem
_tag: tag
__2d4: properties
__2d5: contents
__2d6: classes
__2d7: styles
__2d8: looseattributes
__2d9: dontbreak
__2da: prefix
__2db: doaproperclose
__2dc: cssrule
__2dd: singlequote
__2de: sbafter
__2df: sbbefore
__2e0: isimportant
__2e1: parentid
_ds: ds
__2e3: stylelist
__2e4: db_bool
__2e5: db_int
__2e6: db_string
__2e7: db_real
__2e8: db_date
__2e9: db_blob
__2ea: db_float
__2eb: db_integer
__2ec: db_text
__2ed: rectype
__2ee: schema
__2ef: tablename
__2f0: response
__2f1: result
__2f2: command
__2f3: types
_args: args
_json: json
__2f6: error
__2f7: affectedrows
__2f8: record
_ok: ok
__2fa: db_varchar_20
__2fb: db_varchar_10
__2fc: db_varchar_30
__2fd: db_varchar_40
__2fe: db_varchar_50
__2ff: db_varchar_100
__300: db_varchar_255
__301: methodnamedynamic
__302: dbase
__303: username
_auto: auto
__305: prismcomponent
__306: codekey
_pc: pc
__308: code_css
__309: code_js
__30a: code_html
__30b: code_vb
__30c: code_other
_vm: vm
__30e: calmenu
_cal: cal
__310: calcard
_dt1: dt1
__312: dtusers
__313: dtimages
__314: descriptionlimit
__315: frmuser
_pc5: pc5
__317: icons
__318: colors
__319: snack1
__31a: snack3
__31b: snack4
__31c: snack5
__31d: snack6
_tv: tv
_bs1: bs1
_bs2: bs2
__321: appname
__322: apptitle
__323: publish
__324: serverip
_db: db
__326: alasql
__327: version
_port: port
_obj: obj
__32a: sdate
__32b: email
__32c: respm
__32d: sfrom
_sto: sto
_scc: scc
__330: ssubject
_smsg: smsg
_se: se
_e: e
__334: filelist
__335: fileo
_fd: fd
_res: res
_ms: ms
_cb: cb
__33a: interval
_j: j
_k: k
_lst: lst
_runs: runs
__33f: nlist
_ocnt: ocnt
_nl: nl
_elx: elx
__343: cureve
__344: ovalue
_prop: prop
_sid: sid
__347: files
__348: idname
_ls: ls
_slen: slen
_i: i
_mout: mout
__34d: sname
_vx: vx
__34f: removepref
__350: varlist
__351: vartot
__352: varcnt
__353: varitem
__354: subname1
_t: t
__356: delim
__357: inputstring
__358: values
__359: delimiter
_sbx: sbx
_fld: fld
__35c: oldname
__35d: strname
__35e: mvstring
__35f: sbout
__360: litems
_sout: sout
_rs: rs
__363: xvalue
__364: date1
__365: date2
_d1: d1
_d2: d2
_b: b
__369: svalue
_sw: sw
__36b: ldelim
__36c: nvalue
_lps: lps
__36e: ldate
_st: st
_s: s
__371: newst
_v: v
_m: m
_sb: sb
_ktot: ktot
_kcnt: kcnt
__377: strkey
__378: count
_str: str
_ltot: ltot
_lcnt: lcnt
_sk: sk
__37d: strmv
_mi: mi
_keys: keys
__380: rkeys
__381: rvalues
_optm: optm
_rtot: rtot
_vtot: vtot
_rcnt: rcnt
_nm: nm
__387: currentdate
__388: otherdate
__389: datee
_nd: nd
__38b: fileobj
__38c: slastmodifieddate
__38d: ssize
__38e: stype
_yyyy: yyyy
_dd: dd
_mm: mm
_hh: hh
__393: minutes
_ff: ff
__395: slang
_sc: sc
_aevt: aevt
_xhr: xhr
_err: err
_serr: serr
__39b: promise
__39c: pretty
__39d: source
__39e: sfind
__39f: rsaid
__3a0: yymmdd
_yy: yy
_lnow: lnow
_dt: dt
__3a4: mdate
__3a5: howmanydays
__3a6: convertdate
__3a7: newdateday
__3a8: howmanymonths
__3a9: currdate
__3aa: othdate
_tpd: tpd
_iout: iout
_out: out
__3ae: sdays
__3af: bytes
_unit: unit
_po: po
_si: si
__3b3: maxlen
__3b4: padchar
__3b5: intordnolen
_kc: kc
_tsum: tsum
__3b8: propv
__3b9: mapvalues
_mv1: mv1
_mv2: mv2
_nlst: nlst
_mk: mk
_mv: mv
__3bf: sjson
_jmap: jmap
__3c1: njson
_mp: mp
__3c3: strjson
_map1: map1
_year: year
__3c6: month
_day: day
_hour: hour
__3c9: minute
__3ca: right
_o: o
__3cc: strvalue
__3cd: parser
_n: n
__3cf: thousands
__3d0: maxdecimalplaces
__3d1: relativeerror
__3d2: a_lstargs
__3d3: arrargs
__3d4: ilength
__3d5: blowercase
__3d6: buppercase
__3d7: bnumbers
__3d8: additionalchars
__3d9: intnum
__3da: delimlen
_hm: hm
__3dc: start
__3dd: llength
__3de: sreplacewith
__3df: mystr
_x: x
__3e1: sourcemap
__3e2: listofvalues
_icnt: icnt
_itot: itot
_oldm: oldm
_newm: newm
__3e7: bsort
__3e8: keyname
__3e9: valuename
_recs: recs
_nrec: nrec
__3ec: oldmap
_elid: elid
_url: url
__3ef: updates
_fc: fc
_blob: blob
__3f2: iuint8array
__3f3: dbname
__3f4: spvalues
_df: df
_nv: nv
_ov: ov
__3f8: path1
_l: l
__3fa: fullpath
__3fb: target
_mk1: mk1
__3fd: trimthese
__3fe: numthese
__3ff: boolthese
__400: datethese
__401: dblthese
_rec: rec
__403: xkeys
__404: newlst
_spv: spv
__406: iposition
_xpos: xpos
__408: mvalues
__409: tvalues
__40a: startcnt
__40b: listx
_li: li
__40d: dvariance
__40e: dvalue
_f: f
__410: squote
_xfld: xfld
_no: no
_k1: k1
_v1: v1
__415: tdata
__416: childname
_tree: tree
__418: mappedarr
_did: did
__41a: cdata
__41b: mappedelem
__41c: parentelem
__41d: children
__41e: childs
_fr: fr
__420: filetoread
__421: filereader
__422: event
__423: uploadedfile
__424: abort
_rm: rm
__426: strrep
__427: stylem
_sdob: sdob
_ldob: ldob
_diff: diff
_p1: p1
_p2: p2
__42d: sformat
_rslt: rslt
_vv: vv
__430: fldtype
__431: imgurl
__432: sfilename
__433: sresult
_fo: fo
__435: crypto
__436: nanoid
__437: tmpints
__438: randoms
_tmpn: tmpn
__43a: groupsofthree
__43b: numgroupsofthree
_temp: temp
__43d: thisgroup
__43e: hundreds
__43f: tensunits
_tens: tens
__441: units
__442: varfluid
__443: varapp
__444: varcolor
__445: varbottom
__446: varright
__447: scontent
__448: varborder
__449: varcoloredborder
__44a: vardismissible
__44b: varicon
__44c: vartype
__44d: varmode
__44e: varhideonleave
_vpc: vpc
__450: varsize
__451: varindeterminate
_comp: comp
__453: valuex
__454: moduleobj
__455: varwidth
__456: stitle
__457: cancelid
__458: cancelcaption
_okid: okid
__45a: okcaption
_attr: attr
__45c: attrvalue
_tid: tid
__45e: eltag
__45f: mprops
__460: mstyles
__461: lclasses
__462: loose
__463: eltext
_eid: eid
__465: tagname
__466: refid
__467: frmid
__468: fsname
_fid: fid
_fu: fu
_vals: vals
__46c: styleprops
__46d: classnames
_elit: elit
__46f: selement
__470: statename
_skey: skey
_lbl: lbl
__473: process
__474: message
__475: confirmtext
__476: canceltext
__477: color
__478: dismissable
__479: sproc
__47a: sheight
_src: src
_salt: salt
__47d: varheight
__47e: varsrc
__47f: varalt
__480: sparent
_cid: cid
__482: sprimarykey
__483: vartop
__484: buttontext
__485: onclick
__486: vartext
__487: elvalue
__488: elkey
__489: valueof
_oldv: oldv
__48b: limitto
__48c: themename
__48d: forecolor
__48e: forecolorintensity
__48f: backcolor
__490: backcolorintensity
_namx: namx
__492: xfields
__493: design
__494: defaultvalue
_pid: pid
_bval: bval
_diag: diag
_p: p
_sd: sd
__49a: csnackbar
__49b: sexcept
__49c: searchit
__49d: searchfor
_valx: valx
_simg: simg
_tran: tran
__4a1: flist
__4a2: xlist
_elm: elm
__4a4: htmlcontent
__4a5: compname
__4a6: badvalue
__4a7: bordered
__4a8: intensity
__4a9: scolor
__4aa: sicon
__4ab: counted
__4ac: lastvalue
__4ad: intlast
__4ae: spath
__4af: sitem
_rid: rid
_rto: rto
__4b2: mapkey
__4b3: bimmediate
__4b4: bdeep
__4b5: params
__4b6: default
__4b7: activeid
_pp: pp
_ui: ui
__4ba: stateprop
__4bb: dynacontent
_bo: bo
__4bd: state1
__4be: state2
__4bf: pname
__4c0: btnid
_els: els
_stag: stag
_bid: bid
__4c4: mlang
__4c5: theme
__4c6: sdialog
__4c7: optname
__4c8: boframework
__4c9: svuetify
__4ca: duration
__4cb: offset
__4cc: easing
__4cd: scont
__4ce: rowpos
__4cf: colpos
__4d0: elhtml
__4d1: slabel
__4d2: splaceholder
__4d3: brequired
__4d4: shelpertext
__4d5: serrortext
__4d6: itabindex
__4d7: sunchecked
__4d8: bprimary
__4d9: varlabel
__4da: varvalue
__4db: vartruevalue
__4dc: suncheckedvalue
__4dd: varfalsevalue
_ti: ti
__4df: optionsm
__4e0: bshowlabel
__4e1: blabelontop
__4e2: varcolumn
__4e3: varrow
__4e4: sourcetable
__4e5: shint
__4e6: dlabel
__4e7: varrequired
__4e8: varplaceholder
__4e9: varhint
__4ea: varerror
__4eb: iminvalue
__4ec: imaxvalue
__4ed: varmin
__4ee: varmax
__4ef: imaxlen
__4f0: varprependicon
__4f1: varmaxlen
__4f2: varcounter
__4f3: elerror
__4f4: bautogrow
__4f5: varautogrow
__4f6: btoggle
__4f7: toggle
__4f8: bupload
__4f9: varclearable
__4fa: varrules
__4fb: varerrormessages
__4fc: serror
__4fd: swidth
_size: size
__4ff: svmodel
__500: sintensity
__501: attrs
__502: varintensity
__503: braised
__504: baccent
__505: bfitwidth
__506: varblock
__507: returnobject
__508: varmultiple
__509: stooltip
_tt: tt
__50b: keyfield
__50c: valuefield
_key: key
__50e: mhref
__50f: micon
__510: mdisabled
__511: mitem
_ext: ext
_dtid: dtid
__514: dtsource
__515: dtkey
__516: dttitle
__517: dttarget
__518: dtlist
__519: vardense
_vlig: vlig
_dtli: dtli
_tmpx: tmpx
_vlia: vlia
__51e: vliacb
__51f: scomp
_vlic: vlic
_vlit: vlit
__522: vhtml
__523: lstname
__524: listname
__525: addval
_cc: cc
__527: prismid
__528: scode
__529: verror
__52a: scomment
__52b: arsize
__52c: itemname
_intx: intx
__52e: readobj
_fci: fci
_bc: bc
__531: classline
__532: xcolor
__533: optionname
__534: optionobject
__535: compoptions
__536: eachroute
__537: strerror
_iv: iv
_pp1: pp1
__53a: bcurrent
_ropt: ropt
_dkey: dkey
_rkey: rkey
__53e: emitkey
__53f: srouter
__540: namem
__541: mounted
__542: destroyed
__543: activated
__544: deactivated
__545: updated
__546: beforemount
__547: beforeupdate
__548: beforedestroy
__549: beforecreate
__54a: created
__54b: newval
__54c: deepit
__54d: xstate
__54e: viewid
__54f: compid
_img: img
__551: child
__552: contid
_vif: vif
__554: childhtml
__555: varcloselabel
__556: varelevation
__557: varmaxheight
__558: varmaxwidth
__559: varminheight
__55a: varminwidth
__55b: varorigin
__55c: vartag
__55d: vartransition
__55e: vardark
__55f: varlight
__560: varoutlined
__561: varprominent
__562: vartile
__563: sclass
__564: varname
__565: bbind
_h: h
__567: datasource
__568: sline
_srow: srow
_scol: scol
__56b: soffsetsmall
__56c: soffsetmedium
__56d: soffsetlarge
__56e: soffsetxlarge
__56f: scell
__570: small
__571: medium
__572: large
__573: xlarge
__574: ssizesmall
__575: ssizemedium
__576: ssizelarge
__577: ssizexlarge
__578: pcont
__579: textcolor
__57a: textintensity
__57b: mcolor
__57c: varcontent
__57d: varbordered
__57e: varoverlap
__57f: varavatar
__580: vardot
__581: stheme
_iid: iid
__583: vicon
__584: icontheme
__585: varslot
_alt: alt
__587: varleft
__588: varinline
__589: varoffsetx
__58a: varoffsety
__58b: vartwoline
_btn: btn
__58d: varevelation
__58e: variconcolor
__58f: varmobilebreakpoint
__590: varsingleline
__591: varsticky
__592: btntext
__593: btnicon
__594: btncolor
__595: btnvalue
__596: btntooltip
__597: btnbadge
__598: siconpos
__599: bvalue
__59a: ename
__59b: varabsolute
__59c: varactiveclass
__59d: varbackgroundcolor
__59e: varfixed
__59f: vargrow
__5a0: varhideonscroll
__5a1: varhorizontal
__5a2: varinputvalue
__5a3: varmandatory
__5a4: varscrolltarget
__5a5: varscrollthreshold
__5a6: varshift
__5a7: varactivator
__5a8: varattach
__5a9: varcontentclass
__5aa: varoverlaycolor
__5ab: varoverlayintensity
__5ac: varoverlayopacity
__5ad: vardisabled
__5ae: vareager
__5af: varfullscreen
__5b0: varhideoverlay
__5b1: varinset
__5b2: varinternalactivator
__5b3: varnoclickanimation
__5b4: varopenonhover
__5b5: varpersistent
__5b6: varretainfocus
__5b7: varscrollable
__5b8: shref
__5b9: bexact
__5ba: bdisabled
__5bb: blink
_bci: bci
__5bd: vardivider
__5be: varlarge
__5bf: varitems
__5c0: varexactactiveclass
__5c1: varhref
__5c2: vartarget
__5c3: varto
__5c4: varappend
__5c5: varexact
__5c6: varlink
__5c7: varnuxt
__5c8: varreplace
__5c9: varripple
_von: von
__5cb: btnclick
__5cc: bicon
_stxt: stxt
__5ce: vificon
__5cf: velseicon
__5d0: vardepressed
__5d1: varfab
__5d2: varloading
__5d3: varretainfocusonclick
__5d4: varrounded
__5d5: varsmall
__5d6: varxlarge
__5d7: varxsmall
__5d8: varborderless
__5d9: vargroup
__5da: varshaped
__5db: vartitle
__5dc: ecolor
__5dd: ecategory
__5de: estartdt
__5df: eenddt
__5e0: eallday
__5e1: catcolor
_em: em
__5e3: catname
__5e4: seldate
__5e5: varcategories
__5e6: varcategorydays
__5e7: varcategoryforinvalid
__5e8: varend
__5e9: vareventcategory
__5ea: vareventcolor
__5eb: vareventend
__5ec: vareventheight
__5ed: vareventmarginbottom
__5ee: vareventmoretext
__5ef: vareventname
__5f0: vareventoverlapmode
__5f1: vareventoverlapthreshold
__5f2: vareventstart
__5f3: vareventtextcolor
__5f4: vareventtimed
__5f5: varfirstinterval
__5f6: varfirsttime
__5f7: varintervalcount
__5f8: varintervalformat
__5f9: varintervalheight
__5fa: varintervalminutes
__5fb: varintervalstyle
__5fc: varintervalwidth
__5fd: varlocale
__5fe: varlocalefirstdayofyear
__5ff: varmaxdays
__600: varminweeks
__601: varmonthformat
__602: varnow
__603: varshowintervallabel
__604: varstart
__605: varweekdayformat
__606: varcategoryhidedynamic
__607: varcategoryshowall
__608: vareventmore
__609: vareventripple
__60a: varhideheader
__60b: varshortintervals
__60c: varshortmonths
__60d: varshortweekdays
__60e: varshowmonthonfirst
__60f: varshowweek
__610: vardayformat
__611: varevents
__612: varweekdays
__613: ssubtitle
_d: d
_ct: ct
__616: stuff
_div: div
__618: btnok
__619: btncancel
__61a: varflat
__61b: varhover
__61c: varraised
__61d: varimg
__61e: varloaderheight
__61f: varappendicon
__620: varsolo
__621: boutlined
__622: btnraised
__623: btnfab
_ci: ci
__625: varcontinuous
__626: varcycle
__627: vardelimitericon
__628: varhidedelimiterbackground
__629: varhidedelimiters
__62a: varinterval
__62b: varnexticon
__62c: varprevicon
__62d: varprogress
__62e: varprogresscolor
__62f: varreverse
__630: varshowarrows
__631: varshowarrowsonhover
__632: vartouch
__633: vartouchless
__634: varvertical
__635: varverticaldelimiters
__636: varreversetransition
_ft: ft
__638: varerrorcount
__639: varhidedetails
__63a: varid
__63b: varindeterminateicon
__63c: varmessages
__63d: varofficon
__63e: varonicon
__63f: varpersistenthint
__640: varprepedicon
__641: varreadonly
__642: varsuccess
__643: varsuccessmessages
__644: varvalidateonblur
__645: varvaluecomparator
_c6a: c6a
__647: varactive
__648: varclose
__649: vardraggable
__64a: varfilter
__64b: varpill
__64c: varcloseicon
__64d: varfiltericon
__64e: mtext
__64f: mchip
_ckey: ckey
__651: bfilter
__652: ctext
__653: xchip
__654: varcenteractive
__655: varalignself
__656: varcols
__657: varlg
__658: varmd
__659: varoffset
__65a: varoffsetlg
__65b: varoffsetmd
__65c: varoffsetsm
__65d: varoffsetxl
__65e: varorder
__65f: varorderlg
__660: varordermd
__661: varordersm
__662: varorderxl
__663: varsm
__664: varxl
__665: varcanvasheight
__666: vardotsize
__667: varhidecanvas
__668: varhideinputs
__669: varhidemodeswitch
__66a: varshowswatches
__66b: varswatches
__66c: varswatchesmaxheight
__66d: propname
__66e: propslist
__66f: option
_optx: optx
_smm: smm
_w: w
_them: them
_smt: smt
_smb: smb
_sml: sml
_smr: smr
_spt: spt
_spb: spb
_spl: spl
_spr: spr
_ctl: ctl
_xlst: xlst
__67e: sfields
__67f: elsize
__680: btnfitwidth
__681: irows
_nrow: nrow
__683: rowkey
__684: icolumns
_osm: osm
_omd: omd
_olg: olg
_oxl: oxl
_ncol: ncol
__68a: oldrow
_rowc: rowc
__68c: bstyle
__68d: bwidth
__68e: bcolor
__68f: rowtot
__690: rowcnt
_trow: trow
__692: rowkeyshow
_cm: cm
__694: strval
__695: clsname
_cols: cols
__697: colcnt
__698: coltot
__699: lastcolumn
__69a: column
__69b: colcnt1
__69c: coltot1
__69d: cellkey
__69e: tcolumn
__69f: cellkeyshow
__6a0: matrix
__6a1: strrow
__6a2: rckey
__6a3: enakey
__6a4: newoption
__6a5: currentrow
__6a6: rowcol
__6a7: idxpos
__6a8: missingrc
__6a9: lblkey
_xrow: xrow
_xcol: xcol
__6ac: finalrows
__6ad: finalcells
__6ae: finalcell
_ec: ec
__6b0: finalcellssize
__6b1: cellsize
__6b2: elbody
__6b3: vardisableitemsperpage
__6b4: vardisablepagination
__6b5: varfirsticon
__6b6: varitemsperpagealltext
__6b7: varitemsperpageoptions
__6b8: varitemsperpagetext
__6b9: varlasticon
__6ba: varoptions
__6bb: varpagetext
__6bc: varpagination
__6bd: varshowcurrentpage
__6be: varshowfirstlastpage
__6bf: varcustomfilter
__6c0: varcustomgroup
__6c1: vardisablefiltering
__6c2: vardisablesort
__6c3: varhidedefaultfooter
__6c4: varmultisort
__6c5: varmustsort
__6c6: varsingleexpand
__6c7: varsingleselect
__6c8: varexpanded
__6c9: varfooterprops
__6ca: vargroupby
__6cb: vargroupdesc
__6cc: varitemkey
__6cd: varitemsperpage
__6ce: varloadingtext
__6cf: varnodatatext
__6d0: varnoresultstext
__6d1: varpage
__6d2: varsearch
__6d3: varselectablekey
__6d4: varserveritemslength
__6d5: varsortby
__6d6: varsortdesc
_xkey: xkey
__6d8: thisfilter
_tk: tk
_nf: nf
_nc: nc
__6dc: colfield
__6dd: coltitle
__6de: colicon
__6df: colfields
__6e0: isfilter
__6e1: ftime
__6e2: fsource
_colm: colm
__6e4: coltext
__6e5: dsource
__6e6: dtmenu
__6e7: tmpact
__6e8: btnmenu
__6e9: smenu
__6ea: dsname
__6eb: colkey
__6ec: sourceof
__6ed: colname
_flds: flds
__6ef: bsingleexpand
__6f0: expandslot
__6f1: blarge
__6f2: varreturnobject
__6f3: scombo
__6f4: slarge
__6f5: savemethodname
__6f6: cancelmethodname
__6f7: openmethodname
__6f8: closemethodname
__6f9: coltype
__6fa: colwidth
__6fb: colsortable
__6fc: colalign
__6fd: callbackmethod
__6fe: coldisabled
__6ff: colreadonly
__700: colextra
__701: columnwidth
__702: ratlength
__703: ratcolor
__704: colfilter
__705: colclass
__706: colnames
__707: sbtotals
__708: varreactive
__709: varrotate
_rat: rat
__70b: varlength
_avt: avt
__70d: avtimg
_swt: swt
__70f: aicon
_chp: chp
_tmpa: tmpa
_abtn: abtn
__713: pgdiv
_pg: pg
__715: vartotalvisible
__716: tblid
__717: tcomp
__718: varcalculatewidths
__719: varfixedheader
__71a: varhidedefaultheader
__71b: varshowexpand
__71c: varshowgroupby
__71d: varshowselect
__71e: varcaption
__71f: varexpandicon
__720: varheaderslength
__721: xitems
__722: seltype
__723: selfields
__724: sortfields
__725: colformat
__726: varautofocus
__727: dmenu
__728: ssave
__729: varalloweddates
__72a: varfirstdayofweek
__72b: varfullwidth
__72c: varheadercolor
__72d: varhaderdateformat
__72e: varlandscape
__72f: varnotitle
__730: varpickerdate
__731: varrange
__732: varselecteditemstext
__733: varshowcurrent
__734: vartitledateformat
__735: varyearformat
__736: varyearicon
__737: varallowedhours
__738: varallowedminutes
__739: varallowedseconds
__73a: varampmintitle
__73b: varformat
__73c: varuserseconds
__73d: varcanceltext
__73e: varreturnvalue
__73f: varsavetext
__740: smode
_stop: stop
_etxt: etxt
__743: xprop
__744: strline
__745: elnum
_sval: sval
__747: divid
__748: divclass
__749: childdiv
__74a: sltvalue
__74b: stypeof
__74c: eventname
__74d: varref
_smp: smp
_cpos: cpos
__750: parent
_mw: mw
_surl: surl
_a: a
_lh: lh
__755: sposition
__756: sbottom
__757: sleft
__758: sright
__759: stylename
__75a: stylevalue
__75b: vardisablediconrotate
__75c: varhideactions
_pnl: pnl
__75e: pnlid
__75f: pnllabel
__760: pnlcontent
_tabi: tabi
__762: varaccordion
__763: varfocusable
__764: varpopout
__765: varleaveabsolute
__766: varaccept
__767: varappendoutericon
__768: varprefix
__769: varprependinnericon
__76a: varsuffix
__76b: vartruncatelength
__76c: varchips
__76d: varfilled
__76e: varhideinput
__76f: varshowsize
__770: varsmallchips
__771: varsoloinverted
__772: creatorname
__773: emailaddress
__774: footerdiv
__775: footericon
__776: lblwith
_lbla: lbla
_href: href
__779: spantext
__77a: cyear
__77b: varpadless
__77c: varlazyvalidation
__77d: varclosedelay
__77e: varopendelay
_br: br
__780: varaspectratio
__781: varcontain
__782: vargradient
__783: varlazysrc
__784: varposition
__785: varsizes
__786: varsrcset
__787: eitem
__788: vitem
_fs: fs
_bind: bind
__78b: hexcolor
_sele: sele
__78d: actionicon
_vli: vli
_lia: lia
_vlii: vlii
__791: icontent
_lic: lic
_lit: lit
__794: listt
_la: la
__796: btnkey
_dvd: dvd
_sh: sh
__799: subtitle1
__79a: actioniconcolor
__79b: listt1
__79c: pitem
__79d: psubitems
__79e: citem
__79f: csubitems
__7a0: aitem
__7a1: binset
_itms: itms
__7a3: listkey
__7a4: citems
__7a5: itemm
_ikey: ikey
__7a7: varexpand
__7a8: varnav
__7a9: varsubheader
__7aa: varthreeline
__7ab: varnoaction
__7ac: varsubgroup
__7ad: varinactive
__7ae: varselectable
__7af: btnoutlined
__7b0: urllink
__7b1: varallowoverflow
__7b2: varauto
__7b3: varcloseonclick
__7b4: varcloseoncontentclick
__7b5: vardisablekeys
__7b6: varnudgebottom
__7b7: varnudgeleft
__7b8: varnudgeright
__7b9: varnudgetop
__7ba: varnudgewidth
__7bb: varoffsetoverflow
__7bc: varopenonclick
__7bd: varpositionx
__7be: varpositiony
__7bf: varzindex
_html: html
__7c1: varclipped
__7c2: vardisableresizewatcher
__7c3: vardisableroutewatcher
__7c4: varexpandonhover
__7c5: varfloating
__7c6: varminivariantwidth
__7c7: varpermanent
__7c8: varstateless
__7c9: vartemporary
__7ca: varopacity
__7cb: varcircle
__7cc: lbltext
__7cd: varquery
__7ce: varstream
__7cf: varstriped
__7d0: varbackgroundopacity
__7d1: varbuffervalue
__7d2: varbackgroundcolorintensity
__7d3: itemkeys
__7d4: itemoptions
_cex: cex
__7d6: vtext
__7d7: existing
__7d8: vtext1
__7d9: sectname
__7da: sectheading
__7db: vvalue
_rpos: rpos
__7dd: menuid
__7de: tcont
_ttot: ttot
__7e0: colsize
_tw: tw
_cbo: cbo
_cbo1: cbo1
__7e4: acont
__7e5: expanel
__7e6: bcont
_tblx: tblx
_vc: vc
_xx: xx
_txta: txta
__7eb: iconfound
__7ec: lenfound
__7ed: forfound
__7ee: datfound
__7ef: disfound
__7f0: usefound
__7f1: lblname
_rg: rg
_xm: xm
__7f4: mcont
_rw: rw
_cl: cl
_sxl: sxl
__7f8: btnsaveitem
__7f9: btndeleteitem
__7fa: mitems
__7fb: mlist
__7fc: itype
_opts: opts
__7fe: wcont
_w1: w1
_w2: w2
_w3: w3
_h1: h1
_h2: h2
_h3: h3
__805: vardeletablechips
_btnx: btnx
_sld: sld
__808: varthumblabel
_pwd: pwd
_numx: numx
_tel: tel
_chk: chk
_tp: tp
_dp: dp
__80f: tvmodel
__810: tlabel
__811: labelfield
_krow: krow
_drow: drow
__814: varemptyicon
__815: varfullicon
__816: varhalficon
__817: varhalfincrements
__818: backgroundcolor
__819: backgroundintensity
__81a: varalign
__81b: varaligncontent
__81c: varaligncontentlg
__81d: varaligncontentmd
__81e: varaligncontentsm
__81f: varaligncontentxl
__820: varalignlg
__821: varalignmd
__822: varalignsm
__823: varalignxl
__824: varjustify
__825: varjustifylg
__826: varjustifymd
__827: varjustifysm
__828: varjustifyxl
__829: varnogutters
__82a: appendouter
__82b: itemvalue
__82c: varcacheitems
__82d: varclearicon
__82e: varcountervalue
__82f: vardisablelookup
__830: varhideselected
__831: varitemcolor
__832: varitemdisabled
__833: varitemtext
__834: varitemvalue
__835: varmenuprops
__836: varopenonclear
__837: varautoselectfirst
__838: varhidenodata
__839: varnofilter
__83a: varsearchinput
__83b: varboilerplate
__83c: varminheigh
__83d: vartypes
__83e: varinverselabel
__83f: varstep
__840: varthumbcolor
__841: varthumbsize
__842: varticklabels
__843: varticksize
__844: varticks
__845: vartrackcolor
__846: vartrackfillcolor
_v2: v2
__848: mlabel
__849: varmultiline
__84a: vartimeout
_y: y
__84c: varlabels
__84d: varautodraw
__84e: varautolinewidth
__84f: varfill
__850: varshowlabels
__851: varsmooth
__852: varautodrawduration
__853: varautodraweasing
__854: vargradientdirection
__855: varlabelsize
__856: varlinewidth
__857: varpadding
_icn: icn
__859: vardirection
__85a: textcolorintensity
__85b: istep
__85c: stepid
__85d: steplabel
__85e: stepdescription
__85f: stepcontent
__860: stepeditable
__861: stepitem
__862: varcomplete
__863: vareditable
__864: lbldesc
__865: stpcontent
_stot: stot
_ctot: ctot
__868: sstep
_sbc: sbc
__86a: vstep
_sb1: sb1
__86c: stepshow
__86d: steperror
__86e: stepdone
__86f: varactivestep
__870: varaltlabels
__871: varnonlinear
_num: num
_pd: pd
__874: varcompleteicon
__875: varediticon
__876: varerroricon
__877: varkey
__878: tabid
__879: tablabel
__87a: tabicon
__87b: tabcontent
__87c: vcardtext
__87d: xcode
__87e: varalignwithtitle
__87f: varcentered
__880: varfixedtabs
__881: varhideslider
__882: variconsandtext
__883: varoptional
__884: varslidercolor
__885: varslidersize
__886: varshowarows
__887: ftype
__888: varnoresize
__889: varrowheight
__88a: varrows
__88b: varsuccessmessage
__88c: varcountersizestring
__88d: varcounterstring
__88e: tlitem
__88f: varaligntop
__890: varfilldot
__891: varhidedot
__892: vtabs
__893: vlabel
__894: ttclass
__895: page_title
__896: varlightsout
__897: varwindow
__898: varclippedleft
__899: varclippedright
__89a: varcollapse
__89b: varcollapseonscroll
__89c: varelevateonscroll
__89d: varextended
__89e: varextensionheight
__89f: varfadeimgonscroll
__8a0: varinvertedscroll
__8a1: varscrolloffscreen
__8a2: varshort
__8a3: varshrinkonscroll
__8a4: tvicon
__8a5: fullicon
__8a6: unflat
__8a7: varactivatable
__8a8: varhoverable
__8a9: varmultipleactive
__8aa: varopenall
__8ab: varitemchildren
__8ac: varloadingicon
__8ad: varopen
__8ae: varselectedcolor
__8af: varselectiontype
__8b0: varcontinuos
__8b1: sproperties
__8b2: spprops
__8b3: strprop
__8b4: nline
__8b5: themstyles
__8b6: styleprop
_u: u
_dsx: dsx
__8b9: clslist
_ns: ns
__8bb: varlazyload
_wid: wid
__8bd: wraptype
__8be: topleft
__8bf: topright
__8c0: bottomleft
__8c1: bottomright
_sbr: sbr
_bs: bs
__8c4: paddingbottom
__8c5: paddingright
__8c6: paddingleft
__8c7: paddingtop
__8c8: marginbottom
__8c9: marginright
__8ca: marginleft
__8cb: margintop
__8cc: sprefix
_rel: rel
__8ce: bcondition
__8cf: sstyle
__8d0: pieces
__8d1: hasitem
_hkey: hkey
__8d3: bstatus
__8d4: selementtype
__8d5: zindex
__8d6: strcontent
_sfor: sfor
__8d8: propvalue
__8d9: attribute
__8da: tmpfile
__8db: ivalue
_oid: oid
__8dd: pelement
__8de: sdata
__8df: script
__8e0: strclass
__8e1: estyle
_ew: ew
__8e3: thisclass
__8e4: thisstyle
__8e5: thisattr
__8e6: thoseloose
__8e7: sprop
__8e8: spclasses
__8e9: varprop
__8ea: rname
__8eb: outlist
__8ec: commaloc
__8ed: leftside
__8ee: rightside
__8ef: sparentid
_lnk: lnk
__8f1: subject
__8f2: caption
__8f3: divcontent
__8f4: paratext
__8f5: mainid
_pbid: pbid
_nid: nid
_hid: hid
_bqid: bqid
_ul: ul
__8fb: preid
_ulid: ulid
__8fd: optid
__8fe: optval
__8ff: thisoption
_liid: liid
__901: imgid
_hr: hr
_aid: aid
_frm: frm
__905: scaption
_lgnd: lgnd
_lid: lid
_pel: pel
_ta: ta
__90a: tvalue
_tbi: tbi
__90c: tname
_ifid: ifid
__90e: tblname
__90f: prikey
__910: bools
__911: fldname
__912: fldvalue
__913: privalue
__914: tblwhere
__915: blobs
_ints: ints
_dbls: dbls
__918: nextid
__919: strid
_nr: nr
_ni: ni
__91c: fieldnames
__91d: vtype
__91e: jsonx
__91f: primaryvalue
_qw: qw
__921: tblfields
__922: fldtot
__923: fldcnt
_ssql: ssql
__925: strsql
__926: listoftypes
__927: operators
__928: listoftypes1
__929: listofvalues1
__92a: iwhere
_opr: opr
__92c: xjson
_oper: oper
__92e: orderby
_fld1: fld1
_stro: stro
__931: andor
__932: sandor
__933: shost
__934: susername
__935: spassword
_pk: pk
_ai: ai
_bp: bp
__939: varcode
__93a: varlanguage
_vuex: vuex
__93c: codeid
__93d: calsheet
_snow: snow
__93f: snow1
__940: snow2
__941: caltitle
__942: sevent
__943: calitem
__944: carcard1
__945: codeit
__946: codeit1
__947: profilecard
_h6: h6
_h4: h4
__94a: cardsheet
__94b: scard
_c1: c1
__94d: chipsx
_cg: cg
__94f: xcont
__950: product1
_cg1: cg1
__952: btnadd2cart
__953: shirtblouse
__954: cardtext1
_cg2: cg2
__956: btnadd2cart1
__957: card3
_tbl1: tbl1
_btn1: btn1
_c3t1: c3t1
_c3t2: c3t2
_cg4: cg4
__95d: amenities
_h2a: h2a
_cg5: cg5
__960: neighborhoods
_cp: cp
_cp2: cp2
_cp3: cp3
_cp4: cp4
_cbo2: cbo2
_cbo3: cbo3
_cbo4: cbo4
_cbo5: cbo5
__969: lblsel
__96a: users
__96b: images
__96c: totsum
__96d: fldnum
__96e: selkeys
__96f: selitems
__970: selnormal
__971: calories
_dp4: dp4
_dpx: dpx
_dp2: dp2
_dp3: dp3
__976: switch
__977: datepicker
__978: timepicker
__979: txtname
__97a: genderlist
_ac1: ac1
_ac2: ac2
_fi: fi
__97e: mysel
__97f: mysel1
__980: btnxy
__981: card2
_prg: prg
_tmp1: tmp1
_ac3: ac3
__985: txtac
__986: querytext
__987: itemtext
__988: textone
__989: texttwo
__98a: searchtext
_pos1: pos1
_pos2: pos2
_bres: bres
__98e: card1
__98f: lblnote
_ac: ac
_dvd1: dvd1
_et: et
__993: btnclear
__994: model
_xval: xval
__996: hasiw
__997: isloading
__998: fetch1
__999: entries
_dl: dl
__99b: sdescription
__99c: diag2
__99d: diag3
__99e: diagx
_user: user
__9a0: chkagree
_dob: dob
_rg1: rg1
_selx: selx
_age: age
_txtm: txtm
__9a6: txtfn
_a3: a3
_tp2: tp2
_ep: ep
_expx: expx
_lbl1: lbl1
__9ac: contbtna
__9ad: contbtnb
__9ae: contbtnc
__9af: contbtnd
__9b0: contbtne
__9b1: exppanel1
__9b2: expid
_fi9: fi9
__9b4: txtfirstname
__9b5: txtlastname
__9b6: txtemail
__9b7: txtload
_ig: ig
_syt: syt
__9ba: eachitem
__9bb: vlist
__9bc: vlist1
__9bd: itemid
_s1: s1
_skl: skl
__9c0: menu1
__9c1: menu2
__9c2: messages
__9c3: pgnpagination1
_par: par
_par1: par1
__9c6: plprogresslinear1
__9c7: plprogresslinear2
_pl3: pl3
_pl4: pl4
_pl5: pl5
_pl6: pl6
_pl7: pl7
_pl8: pl8
_pc1: pc1
_pc2: pc2
_pc3: pc3
_pc4: pc4
_vpc5: vpc5
_r1: r1
_r2: r2
__9d5: cardlog
__9d6: btnreadlog
_tx: tx
__9d8: stran
_txi: txi
_alx: alx
__9db: mashlogs
_logx: logx
__9dd: firstitem
__9de: previouscolor
__9df: nonce
__9e0: rcolor
_sel8: sel8
_sel9: sel9
__9e3: sellist
__9e4: sellist1
_b1: b1
_b2: b2
__9e7: b2btn
_b3: b3
_av: av
_sg: sg
__9eb: sheet1
_sg1: sg1
_si1: si1
__9ee: seasons
_sldx: sldx
__9f0: sparksparkline1
_lbl2: lbl2
_lbl3: lbl3
__9f3: stepper2
__9f4: stepper3
__9f5: stepper4
_ta4: ta4
__9f7: mytxt
__9f8: btnafter
__9f9: menuafter
__9fa: tltimeline1
__9fb: tlitemfirstname
__9fc: tlitemsurname
_tl3: tl3
_lblx: lblx
_tl4: tl4
__a00: tlines
__a01: txtline
__a02: titem
__a03: sticky
__a04: btngetonline
__a05: banner1
_avat: avat
_tp1: tp1
_fab: fab
_fab2: fab2
_tbx: tbx
_tv2: tv2
__a0c: winitem
__a0d: itemcard
_pri: pri
__a0f: btnclose
__a10: bcbreadcrumbs1
__a11: btntoggle
__a12: btntogglem
_sp1: sp1
